// Vitest Snapshot v1, https://vitest.dev/guide/snapshot.html

exports[`Testing Navbar component functionality for journal > should renders the Navbar component successfully 1`] = `
"<nav class=\\"flex items-center justify-between h-16 bg-green-900\\"><a class=\\"text-2xl text-white\\"><img src=\\"/src/assets/vue.svg\\" alt=\\"Vue Logo\\" class=\\"inline-block w-10 h-10 mx-2\\"> Daybook </a>
  <div class=\\"right-0 p-4 mr-2 text-white hover:cursor-pointer\\"><span class=\\"mr-2\\">Benito</span><button><i class=\\"text-2xl hover:text-yellow-500 fa fa-sign-out-alt\\"></i></button></div>
</nav>"
`;
