// Vitest Snapshot v1, https://vitest.dev/guide/snapshot.html

exports[`Tests in Main page > must match with snapshot 1`] = `
"<header-stub title=\\"Journal App\\"></header-stub>
<router-view-stub></router-view-stub>"
`;
